---
source: teller-providers/src/providers/test_utils.rs
expression: res
---
[
    KV {
        value: "bar",
        key: "foo_0",
        from_key: "foo_0",
        path: Some(
            PathInfo {
                id: "",
                path: "secret/multiple/lotsakeys",
            },
        ),
        provider: Some(
            ProviderInfo {
                kind: PROVIDER_KIND,
                name: PROVIDER_NAME,
            },
        ),
        meta: Some(
            MetaInfo {
                sensitivity: None,
                redact_with: None,
                source: None,
                sink: None,
            },
        ),
    },
    KV {
        value: "bar",
        key: "foo_1",
        from_key: "foo_1",
        path: Some(
            PathInfo {
                id: "",
                path: "secret/multiple/lotsakeys",
            },
        ),
        provider: Some(
            ProviderInfo {
                kind: PROVIDER_KIND,
                name: PROVIDER_NAME,
            },
        ),
        meta: Some(
            MetaInfo {
                sensitivity: None,
                redact_with: None,
                source: None,
                sink: None,
            },
        ),
    },
    KV {
        value: "bar",
        key: "foo_10",
        from_key: "foo_10",
        path: Some(
            PathInfo {
                id: "",
                path: "secret/multiple/lotsakeys",
            },
        ),
        provider: Some(
            ProviderInfo {
                kind: PROVIDER_KIND,
                name: PROVIDER_NAME,
            },
        ),
        meta: Some(
            MetaInfo {
                sensitivity: None,
                redact_with: None,
                source: None,
                sink: None,
            },
        ),
    },
    KV {
        value: "bar",
        key: "foo_11",
        from_key: "foo_11",
        path: Some(
            PathInfo {
                id: "",
                path: "secret/multiple/lotsakeys",
            },
        ),
        provider: Some(
            ProviderInfo {
                kind: PROVIDER_KIND,
                name: PROVIDER_NAME,
            },
        ),
        meta: Some(
            MetaInfo {
                sensitivity: None,
                redact_with: None,
                source: None,
                sink: None,
            },
        ),
    },
    KV {
        value: "bar",
        key: "foo_12",
        from_key: "foo_12",
        path: Some(
            PathInfo {
                id: "",
                path: "secret/multiple/lotsakeys",
            },
        ),
        provider: Some(
            ProviderInfo {
                kind: PROVIDER_KIND,
                name: PROVIDER_NAME,
            },
        ),
        meta: Some(
            MetaInfo {
                sensitivity: None,
                redact_with: None,
                source: None,
                sink: None,
            },
        ),
    },
    KV {
        value: "bar",
        key: "foo_13",
        from_key: "foo_13",
        path: Some(
            PathInfo {
                id: "",
                path: "secret/multiple/lotsakeys",
            },
        ),
        provider: Some(
            ProviderInfo {
                kind: PROVIDER_KIND,
                name: PROVIDER_NAME,
            },
        ),
        meta: Some(
            MetaInfo {
                sensitivity: None,
                redact_with: None,
                source: None,
                sink: None,
            },
        ),
    },
    KV {
        value: "bar",
        key: "foo_14",
        from_key: "foo_14",
        path: Some(
            PathInfo {
                id: "",
                path: "secret/multiple/lotsakeys",
            },
        ),
        provider: Some(
            ProviderInfo {
                kind: PROVIDER_KIND,
                name: PROVIDER_NAME,
            },
        ),
        meta: Some(
            MetaInfo {
                sensitivity: None,
                redact_with: None,
                source: None,
                sink: None,
            },
        ),
    },
    KV {
        value: "bar",
        key: "foo_15",
        from_key: "foo_15",
        path: Some(
            PathInfo {
                id: "",
                path: "secret/multiple/lotsakeys",
            },
        ),
        provider: Some(
            ProviderInfo {
                kind: PROVIDER_KIND,
                name: PROVIDER_NAME,
            },
        ),
        meta: Some(
            MetaInfo {
                sensitivity: None,
                redact_with: None,
                source: None,
                sink: None,
            },
        ),
    },
    KV {
        value: "bar",
        key: "foo_16",
        from_key: "foo_16",
        path: Some(
            PathInfo {
                id: "",
                path: "secret/multiple/lotsakeys",
            },
        ),
        provider: Some(
            ProviderInfo {
                kind: PROVIDER_KIND,
                name: PROVIDER_NAME,
            },
        ),
        meta: Some(
            MetaInfo {
                sensitivity: None,
                redact_with: None,
                source: None,
                sink: None,
            },
        ),
    },
    KV {
        value: "bar",
        key: "foo_17",
        from_key: "foo_17",
        path: Some(
            PathInfo {
                id: "",
                path: "secret/multiple/lotsakeys",
            },
        ),
        provider: Some(
            ProviderInfo {
                kind: PROVIDER_KIND,
                name: PROVIDER_NAME,
            },
        ),
        meta: Some(
            MetaInfo {
                sensitivity: None,
                redact_with: None,
                source: None,
                sink: None,
            },
        ),
    },
    KV {
        value: "bar",
        key: "foo_18",
        from_key: "foo_18",
        path: Some(
            PathInfo {
                id: "",
                path: "secret/multiple/lotsakeys",
            },
        ),
        provider: Some(
            ProviderInfo {
                kind: PROVIDER_KIND,
                name: PROVIDER_NAME,
            },
        ),
        meta: Some(
            MetaInfo {
                sensitivity: None,
                redact_with: None,
                source: None,
                sink: None,
            },
        ),
    },
    KV {
        value: "bar",
        key: "foo_19",
        from_key: "foo_19",
        path: Some(
            PathInfo {
                id: "",
                path: "secret/multiple/lotsakeys",
            },
        ),
        provider: Some(
            ProviderInfo {
                kind: PROVIDER_KIND,
                name: PROVIDER_NAME,
            },
        ),
        meta: Some(
            MetaInfo {
                sensitivity: None,
                redact_with: None,
                source: None,
                sink: None,
            },
        ),
    },
    KV {
        value: "bar",
        key: "foo_2",
        from_key: "foo_2",
        path: Some(
            PathInfo {
                id: "",
                path: "secret/multiple/lotsakeys",
            },
        ),
        provider: Some(
            ProviderInfo {
                kind: PROVIDER_KIND,
                name: PROVIDER_NAME,
            },
        ),
        meta: Some(
            MetaInfo {
                sensitivity: None,
                redact_with: None,
                source: None,
                sink: None,
            },
        ),
    },
    KV {
        value: "bar",
        key: "foo_20",
        from_key: "foo_20",
        path: Some(
            PathInfo {
                id: "",
                path: "secret/multiple/lotsakeys",
            },
        ),
        provider: Some(
            ProviderInfo {
                kind: PROVIDER_KIND,
                name: PROVIDER_NAME,
            },
        ),
        meta: Some(
            MetaInfo {
                sensitivity: None,
                redact_with: None,
                source: None,
                sink: None,
            },
        ),
    },
    KV {
        value: "bar",
        key: "foo_21",
        from_key: "foo_21",
        path: Some(
            PathInfo {
                id: "",
                path: "secret/multiple/lotsakeys",
            },
        ),
        provider: Some(
            ProviderInfo {
                kind: PROVIDER_KIND,
                name: PROVIDER_NAME,
            },
        ),
        meta: Some(
            MetaInfo {
                sensitivity: None,
                redact_with: None,
                source: None,
                sink: None,
            },
        ),
    },
    KV {
        value: "bar",
        key: "foo_22",
        from_key: "foo_22",
        path: Some(
            PathInfo {
                id: "",
                path: "secret/multiple/lotsakeys",
            },
        ),
        provider: Some(
            ProviderInfo {
                kind: PROVIDER_KIND,
                name: PROVIDER_NAME,
            },
        ),
        meta: Some(
            MetaInfo {
                sensitivity: None,
                redact_with: None,
                source: None,
                sink: None,
            },
        ),
    },
    KV {
        value: "bar",
        key: "foo_23",
        from_key: "foo_23",
        path: Some(
            PathInfo {
                id: "",
                path: "secret/multiple/lotsakeys",
            },
        ),
        provider: Some(
            ProviderInfo {
                kind: PROVIDER_KIND,
                name: PROVIDER_NAME,
            },
        ),
        meta: Some(
            MetaInfo {
                sensitivity: None,
                redact_with: None,
                source: None,
                sink: None,
            },
        ),
    },
    KV {
        value: "bar",
        key: "foo_24",
        from_key: "foo_24",
        path: Some(
            PathInfo {
                id: "",
                path: "secret/multiple/lotsakeys",
            },
        ),
        provider: Some(
            ProviderInfo {
                kind: PROVIDER_KIND,
                name: PROVIDER_NAME,
            },
        ),
        meta: Some(
            MetaInfo {
                sensitivity: None,
                redact_with: None,
                source: None,
                sink: None,
            },
        ),
    },
    KV {
        value: "bar",
        key: "foo_25",
        from_key: "foo_25",
        path: Some(
            PathInfo {
                id: "",
                path: "secret/multiple/lotsakeys",
            },
        ),
        provider: Some(
            ProviderInfo {
                kind: PROVIDER_KIND,
                name: PROVIDER_NAME,
            },
        ),
        meta: Some(
            MetaInfo {
                sensitivity: None,
                redact_with: None,
                source: None,
                sink: None,
            },
        ),
    },
    KV {
        value: "bar",
        key: "foo_26",
        from_key: "foo_26",
        path: Some(
            PathInfo {
                id: "",
                path: "secret/multiple/lotsakeys",
            },
        ),
        provider: Some(
            ProviderInfo {
                kind: PROVIDER_KIND,
                name: PROVIDER_NAME,
            },
        ),
        meta: Some(
            MetaInfo {
                sensitivity: None,
                redact_with: None,
                source: None,
                sink: None,
            },
        ),
    },
    KV {
        value: "bar",
        key: "foo_27",
        from_key: "foo_27",
        path: Some(
            PathInfo {
                id: "",
                path: "secret/multiple/lotsakeys",
            },
        ),
        provider: Some(
            ProviderInfo {
                kind: PROVIDER_KIND,
                name: PROVIDER_NAME,
            },
        ),
        meta: Some(
            MetaInfo {
                sensitivity: None,
                redact_with: None,
                source: None,
                sink: None,
            },
        ),
    },
    KV {
        value: "bar",
        key: "foo_28",
        from_key: "foo_28",
        path: Some(
            PathInfo {
                id: "",
                path: "secret/multiple/lotsakeys",
            },
        ),
        provider: Some(
            ProviderInfo {
                kind: PROVIDER_KIND,
                name: PROVIDER_NAME,
            },
        ),
        meta: Some(
            MetaInfo {
                sensitivity: None,
                redact_with: None,
                source: None,
                sink: None,
            },
        ),
    },
    KV {
        value: "bar",
        key: "foo_29",
        from_key: "foo_29",
        path: Some(
            PathInfo {
                id: "",
                path: "secret/multiple/lotsakeys",
            },
        ),
        provider: Some(
            ProviderInfo {
                kind: PROVIDER_KIND,
                name: PROVIDER_NAME,
            },
        ),
        meta: Some(
            MetaInfo {
                sensitivity: None,
                redact_with: None,
                source: None,
                sink: None,
            },
        ),
    },
    KV {
        value: "bar",
        key: "foo_3",
        from_key: "foo_3",
        path: Some(
            PathInfo {
                id: "",
                path: "secret/multiple/lotsakeys",
            },
        ),
        provider: Some(
            ProviderInfo {
                kind: PROVIDER_KIND,
                name: PROVIDER_NAME,
            },
        ),
        meta: Some(
            MetaInfo {
                sensitivity: None,
                redact_with: None,
                source: None,
                sink: None,
            },
        ),
    },
    KV {
        value: "bar",
        key: "foo_30",
        from_key: "foo_30",
        path: Some(
            PathInfo {
                id: "",
                path: "secret/multiple/lotsakeys",
            },
        ),
        provider: Some(
            ProviderInfo {
                kind: PROVIDER_KIND,
                name: PROVIDER_NAME,
            },
        ),
        meta: Some(
            MetaInfo {
                sensitivity: None,
                redact_with: None,
                source: None,
                sink: None,
            },
        ),
    },
    KV {
        value: "bar",
        key: "foo_31",
        from_key: "foo_31",
        path: Some(
            PathInfo {
                id: "",
                path: "secret/multiple/lotsakeys",
            },
        ),
        provider: Some(
            ProviderInfo {
                kind: PROVIDER_KIND,
                name: PROVIDER_NAME,
            },
        ),
        meta: Some(
            MetaInfo {
                sensitivity: None,
                redact_with: None,
                source: None,
                sink: None,
            },
        ),
    },
    KV {
        value: "bar",
        key: "foo_32",
        from_key: "foo_32",
        path: Some(
            PathInfo {
                id: "",
                path: "secret/multiple/lotsakeys",
            },
        ),
        provider: Some(
            ProviderInfo {
                kind: PROVIDER_KIND,
                name: PROVIDER_NAME,
            },
        ),
        meta: Some(
            MetaInfo {
                sensitivity: None,
                redact_with: None,
                source: None,
                sink: None,
            },
        ),
    },
    KV {
        value: "bar",
        key: "foo_33",
        from_key: "foo_33",
        path: Some(
            PathInfo {
                id: "",
                path: "secret/multiple/lotsakeys",
            },
        ),
        provider: Some(
            ProviderInfo {
                kind: PROVIDER_KIND,
                name: PROVIDER_NAME,
            },
        ),
        meta: Some(
            MetaInfo {
                sensitivity: None,
                redact_with: None,
                source: None,
                sink: None,
            },
        ),
    },
    KV {
        value: "bar",
        key: "foo_34",
        from_key: "foo_34",
        path: Some(
            PathInfo {
                id: "",
                path: "secret/multiple/lotsakeys",
            },
        ),
        provider: Some(
            ProviderInfo {
                kind: PROVIDER_KIND,
                name: PROVIDER_NAME,
            },
        ),
        meta: Some(
            MetaInfo {
                sensitivity: None,
                redact_with: None,
                source: None,
                sink: None,
            },
        ),
    },
    KV {
        value: "bar",
        key: "foo_35",
        from_key: "foo_35",
        path: Some(
            PathInfo {
                id: "",
                path: "secret/multiple/lotsakeys",
            },
        ),
        provider: Some(
            ProviderInfo {
                kind: PROVIDER_KIND,
                name: PROVIDER_NAME,
            },
        ),
        meta: Some(
            MetaInfo {
                sensitivity: None,
                redact_with: None,
                source: None,
                sink: None,
            },
        ),
    },
    KV {
        value: "bar",
        key: "foo_36",
        from_key: "foo_36",
        path: Some(
            PathInfo {
                id: "",
                path: "secret/multiple/lotsakeys",
            },
        ),
        provider: Some(
            ProviderInfo {
                kind: PROVIDER_KIND,
                name: PROVIDER_NAME,
            },
        ),
        meta: Some(
            MetaInfo {
                sensitivity: None,
                redact_with: None,
                source: None,
                sink: None,
            },
        ),
    },
    KV {
        value: "bar",
        key: "foo_37",
        from_key: "foo_37",
        path: Some(
            PathInfo {
                id: "",
                path: "secret/multiple/lotsakeys",
            },
        ),
        provider: Some(
            ProviderInfo {
                kind: PROVIDER_KIND,
                name: PROVIDER_NAME,
            },
        ),
        meta: Some(
            MetaInfo {
                sensitivity: None,
                redact_with: None,
                source: None,
                sink: None,
            },
        ),
    },
    KV {
        value: "bar",
        key: "foo_38",
        from_key: "foo_38",
        path: Some(
            PathInfo {
                id: "",
                path: "secret/multiple/lotsakeys",
            },
        ),
        provider: Some(
            ProviderInfo {
                kind: PROVIDER_KIND,
                name: PROVIDER_NAME,
            },
        ),
        meta: Some(
            MetaInfo {
                sensitivity: None,
                redact_with: None,
                source: None,
                sink: None,
            },
        ),
    },
    KV {
        value: "bar",
        key: "foo_39",
        from_key: "foo_39",
        path: Some(
            PathInfo {
                id: "",
                path: "secret/multiple/lotsakeys",
            },
        ),
        provider: Some(
            ProviderInfo {
                kind: PROVIDER_KIND,
                name: PROVIDER_NAME,
            },
        ),
        meta: Some(
            MetaInfo {
                sensitivity: None,
                redact_with: None,
                source: None,
                sink: None,
            },
        ),
    },
    KV {
        value: "bar",
        key: "foo_4",
        from_key: "foo_4",
        path: Some(
            PathInfo {
                id: "",
                path: "secret/multiple/lotsakeys",
            },
        ),
        provider: Some(
            ProviderInfo {
                kind: PROVIDER_KIND,
                name: PROVIDER_NAME,
            },
        ),
        meta: Some(
            MetaInfo {
                sensitivity: None,
                redact_with: None,
                source: None,
                sink: None,
            },
        ),
    },
    KV {
        value: "bar",
        key: "foo_40",
        from_key: "foo_40",
        path: Some(
            PathInfo {
                id: "",
                path: "secret/multiple/lotsakeys",
            },
        ),
        provider: Some(
            ProviderInfo {
                kind: PROVIDER_KIND,
                name: PROVIDER_NAME,
            },
        ),
        meta: Some(
            MetaInfo {
                sensitivity: None,
                redact_with: None,
                source: None,
                sink: None,
            },
        ),
    },
    KV {
        value: "bar",
        key: "foo_41",
        from_key: "foo_41",
        path: Some(
            PathInfo {
                id: "",
                path: "secret/multiple/lotsakeys",
            },
        ),
        provider: Some(
            ProviderInfo {
                kind: PROVIDER_KIND,
                name: PROVIDER_NAME,
            },
        ),
        meta: Some(
            MetaInfo {
                sensitivity: None,
                redact_with: None,
                source: None,
                sink: None,
            },
        ),
    },
    KV {
        value: "bar",
        key: "foo_42",
        from_key: "foo_42",
        path: Some(
            PathInfo {
                id: "",
                path: "secret/multiple/lotsakeys",
            },
        ),
        provider: Some(
            ProviderInfo {
                kind: PROVIDER_KIND,
                name: PROVIDER_NAME,
            },
        ),
        meta: Some(
            MetaInfo {
                sensitivity: None,
                redact_with: None,
                source: None,
                sink: None,
            },
        ),
    },
    KV {
        value: "bar",
        key: "foo_43",
        from_key: "foo_43",
        path: Some(
            PathInfo {
                id: "",
                path: "secret/multiple/lotsakeys",
            },
        ),
        provider: Some(
            ProviderInfo {
                kind: PROVIDER_KIND,
                name: PROVIDER_NAME,
            },
        ),
        meta: Some(
            MetaInfo {
                sensitivity: None,
                redact_with: None,
                source: None,
                sink: None,
            },
        ),
    },
    KV {
        value: "bar",
        key: "foo_44",
        from_key: "foo_44",
        path: Some(
            PathInfo {
                id: "",
                path: "secret/multiple/lotsakeys",
            },
        ),
        provider: Some(
            ProviderInfo {
                kind: PROVIDER_KIND,
                name: PROVIDER_NAME,
            },
        ),
        meta: Some(
            MetaInfo {
                sensitivity: None,
                redact_with: None,
                source: None,
                sink: None,
            },
        ),
    },
    KV {
        value: "bar",
        key: "foo_45",
        from_key: "foo_45",
        path: Some(
            PathInfo {
                id: "",
                path: "secret/multiple/lotsakeys",
            },
        ),
        provider: Some(
            ProviderInfo {
                kind: PROVIDER_KIND,
                name: PROVIDER_NAME,
            },
        ),
        meta: Some(
            MetaInfo {
                sensitivity: None,
                redact_with: None,
                source: None,
                sink: None,
            },
        ),
    },
    KV {
        value: "bar",
        key: "foo_46",
        from_key: "foo_46",
        path: Some(
            PathInfo {
                id: "",
                path: "secret/multiple/lotsakeys",
            },
        ),
        provider: Some(
            ProviderInfo {
                kind: PROVIDER_KIND,
                name: PROVIDER_NAME,
            },
        ),
        meta: Some(
            MetaInfo {
                sensitivity: None,
                redact_with: None,
                source: None,
                sink: None,
            },
        ),
    },
    KV {
        value: "bar",
        key: "foo_47",
        from_key: "foo_47",
        path: Some(
            PathInfo {
                id: "",
                path: "secret/multiple/lotsakeys",
            },
        ),
        provider: Some(
            ProviderInfo {
                kind: PROVIDER_KIND,
                name: PROVIDER_NAME,
            },
        ),
        meta: Some(
            MetaInfo {
                sensitivity: None,
                redact_with: None,
                source: None,
                sink: None,
            },
        ),
    },
    KV {
        value: "bar",
        key: "foo_48",
        from_key: "foo_48",
        path: Some(
            PathInfo {
                id: "",
                path: "secret/multiple/lotsakeys",
            },
        ),
        provider: Some(
            ProviderInfo {
                kind: PROVIDER_KIND,
                name: PROVIDER_NAME,
            },
        ),
        meta: Some(
            MetaInfo {
                sensitivity: None,
                redact_with: None,
                source: None,
                sink: None,
            },
        ),
    },
    KV {
        value: "bar",
        key: "foo_49",
        from_key: "foo_49",
        path: Some(
            PathInfo {
                id: "",
                path: "secret/multiple/lotsakeys",
            },
        ),
        provider: Some(
            ProviderInfo {
                kind: PROVIDER_KIND,
                name: PROVIDER_NAME,
            },
        ),
        meta: Some(
            MetaInfo {
                sensitivity: None,
                redact_with: None,
                source: None,
                sink: None,
            },
        ),
    },
    KV {
        value: "bar",
        key: "foo_5",
        from_key: "foo_5",
        path: Some(
            PathInfo {
                id: "",
                path: "secret/multiple/lotsakeys",
            },
        ),
        provider: Some(
            ProviderInfo {
                kind: PROVIDER_KIND,
                name: PROVIDER_NAME,
            },
        ),
        meta: Some(
            MetaInfo {
                sensitivity: None,
                redact_with: None,
                source: None,
                sink: None,
            },
        ),
    },
    KV {
        value: "bar",
        key: "foo_50",
        from_key: "foo_50",
        path: Some(
            PathInfo {
                id: "",
                path: "secret/multiple/lotsakeys",
            },
        ),
        provider: Some(
            ProviderInfo {
                kind: PROVIDER_KIND,
                name: PROVIDER_NAME,
            },
        ),
        meta: Some(
            MetaInfo {
                sensitivity: None,
                redact_with: None,
                source: None,
                sink: None,
            },
        ),
    },
    KV {
        value: "bar",
        key: "foo_51",
        from_key: "foo_51",
        path: Some(
            PathInfo {
                id: "",
                path: "secret/multiple/lotsakeys",
            },
        ),
        provider: Some(
            ProviderInfo {
                kind: PROVIDER_KIND,
                name: PROVIDER_NAME,
            },
        ),
        meta: Some(
            MetaInfo {
                sensitivity: None,
                redact_with: None,
                source: None,
                sink: None,
            },
        ),
    },
    KV {
        value: "bar",
        key: "foo_52",
        from_key: "foo_52",
        path: Some(
            PathInfo {
                id: "",
                path: "secret/multiple/lotsakeys",
            },
        ),
        provider: Some(
            ProviderInfo {
                kind: PROVIDER_KIND,
                name: PROVIDER_NAME,
            },
        ),
        meta: Some(
            MetaInfo {
                sensitivity: None,
                redact_with: None,
                source: None,
                sink: None,
            },
        ),
    },
    KV {
        value: "bar",
        key: "foo_53",
        from_key: "foo_53",
        path: Some(
            PathInfo {
                id: "",
                path: "secret/multiple/lotsakeys",
            },
        ),
        provider: Some(
            ProviderInfo {
                kind: PROVIDER_KIND,
                name: PROVIDER_NAME,
            },
        ),
        meta: Some(
            MetaInfo {
                sensitivity: None,
                redact_with: None,
                source: None,
                sink: None,
            },
        ),
    },
    KV {
        value: "bar",
        key: "foo_54",
        from_key: "foo_54",
        path: Some(
            PathInfo {
                id: "",
                path: "secret/multiple/lotsakeys",
            },
        ),
        provider: Some(
            ProviderInfo {
                kind: PROVIDER_KIND,
                name: PROVIDER_NAME,
            },
        ),
        meta: Some(
            MetaInfo {
                sensitivity: None,
                redact_with: None,
                source: None,
                sink: None,
            },
        ),
    },
    KV {
        value: "bar",
        key: "foo_55",
        from_key: "foo_55",
        path: Some(
            PathInfo {
                id: "",
                path: "secret/multiple/lotsakeys",
            },
        ),
        provider: Some(
            ProviderInfo {
                kind: PROVIDER_KIND,
                name: PROVIDER_NAME,
            },
        ),
        meta: Some(
            MetaInfo {
                sensitivity: None,
                redact_with: None,
                source: None,
                sink: None,
            },
        ),
    },
    KV {
        value: "bar",
        key: "foo_56",
        from_key: "foo_56",
        path: Some(
            PathInfo {
                id: "",
                path: "secret/multiple/lotsakeys",
            },
        ),
        provider: Some(
            ProviderInfo {
                kind: PROVIDER_KIND,
                name: PROVIDER_NAME,
            },
        ),
        meta: Some(
            MetaInfo {
                sensitivity: None,
                redact_with: None,
                source: None,
                sink: None,
            },
        ),
    },
    KV {
        value: "bar",
        key: "foo_57",
        from_key: "foo_57",
        path: Some(
            PathInfo {
                id: "",
                path: "secret/multiple/lotsakeys",
            },
        ),
        provider: Some(
            ProviderInfo {
                kind: PROVIDER_KIND,
                name: PROVIDER_NAME,
            },
        ),
        meta: Some(
            MetaInfo {
                sensitivity: None,
                redact_with: None,
                source: None,
                sink: None,
            },
        ),
    },
    KV {
        value: "bar",
        key: "foo_58",
        from_key: "foo_58",
        path: Some(
            PathInfo {
                id: "",
                path: "secret/multiple/lotsakeys",
            },
        ),
        provider: Some(
            ProviderInfo {
                kind: PROVIDER_KIND,
                name: PROVIDER_NAME,
            },
        ),
        meta: Some(
            MetaInfo {
                sensitivity: None,
                redact_with: None,
                source: None,
                sink: None,
            },
        ),
    },
    KV {
        value: "bar",
        key: "foo_59",
        from_key: "foo_59",
        path: Some(
            PathInfo {
                id: "",
                path: "secret/multiple/lotsakeys",
            },
        ),
        provider: Some(
            ProviderInfo {
                kind: PROVIDER_KIND,
                name: PROVIDER_NAME,
            },
        ),
        meta: Some(
            MetaInfo {
                sensitivity: None,
                redact_with: None,
                source: None,
                sink: None,
            },
        ),
    },
    KV {
        value: "bar",
        key: "foo_6",
        from_key: "foo_6",
        path: Some(
            PathInfo {
                id: "",
                path: "secret/multiple/lotsakeys",
            },
        ),
        provider: Some(
            ProviderInfo {
                kind: PROVIDER_KIND,
                name: PROVIDER_NAME,
            },
        ),
        meta: Some(
            MetaInfo {
                sensitivity: None,
                redact_with: None,
                source: None,
                sink: None,
            },
        ),
    },
    KV {
        value: "bar",
        key: "foo_60",
        from_key: "foo_60",
        path: Some(
            PathInfo {
                id: "",
                path: "secret/multiple/lotsakeys",
            },
        ),
        provider: Some(
            ProviderInfo {
                kind: PROVIDER_KIND,
                name: PROVIDER_NAME,
            },
        ),
        meta: Some(
            MetaInfo {
                sensitivity: None,
                redact_with: None,
                source: None,
                sink: None,
            },
        ),
    },
    KV {
        value: "bar",
        key: "foo_61",
        from_key: "foo_61",
        path: Some(
            PathInfo {
                id: "",
                path: "secret/multiple/lotsakeys",
            },
        ),
        provider: Some(
            ProviderInfo {
                kind: PROVIDER_KIND,
                name: PROVIDER_NAME,
            },
        ),
        meta: Some(
            MetaInfo {
                sensitivity: None,
                redact_with: None,
                source: None,
                sink: None,
            },
        ),
    },
    KV {
        value: "bar",
        key: "foo_62",
        from_key: "foo_62",
        path: Some(
            PathInfo {
                id: "",
                path: "secret/multiple/lotsakeys",
            },
        ),
        provider: Some(
            ProviderInfo {
                kind: PROVIDER_KIND,
                name: PROVIDER_NAME,
            },
        ),
        meta: Some(
            MetaInfo {
                sensitivity: None,
                redact_with: None,
                source: None,
                sink: None,
            },
        ),
    },
    KV {
        value: "bar",
        key: "foo_63",
        from_key: "foo_63",
        path: Some(
            PathInfo {
                id: "",
                path: "secret/multiple/lotsakeys",
            },
        ),
        provider: Some(
            ProviderInfo {
                kind: PROVIDER_KIND,
                name: PROVIDER_NAME,
            },
        ),
        meta: Some(
            MetaInfo {
                sensitivity: None,
                redact_with: None,
                source: None,
                sink: None,
            },
        ),
    },
    KV {
        value: "bar",
        key: "foo_64",
        from_key: "foo_64",
        path: Some(
            PathInfo {
                id: "",
                path: "secret/multiple/lotsakeys",
            },
        ),
        provider: Some(
            ProviderInfo {
                kind: PROVIDER_KIND,
                name: PROVIDER_NAME,
            },
        ),
        meta: Some(
            MetaInfo {
                sensitivity: None,
                redact_with: None,
                source: None,
                sink: None,
            },
        ),
    },
    KV {
        value: "bar",
        key: "foo_65",
        from_key: "foo_65",
        path: Some(
            PathInfo {
                id: "",
                path: "secret/multiple/lotsakeys",
            },
        ),
        provider: Some(
            ProviderInfo {
                kind: PROVIDER_KIND,
                name: PROVIDER_NAME,
            },
        ),
        meta: Some(
            MetaInfo {
                sensitivity: None,
                redact_with: None,
                source: None,
                sink: None,
            },
        ),
    },
    KV {
        value: "bar",
        key: "foo_66",
        from_key: "foo_66",
        path: Some(
            PathInfo {
                id: "",
                path: "secret/multiple/lotsakeys",
            },
        ),
        provider: Some(
            ProviderInfo {
                kind: PROVIDER_KIND,
                name: PROVIDER_NAME,
            },
        ),
        meta: Some(
            MetaInfo {
                sensitivity: None,
                redact_with: None,
                source: None,
                sink: None,
            },
        ),
    },
    KV {
        value: "bar",
        key: "foo_67",
        from_key: "foo_67",
        path: Some(
            PathInfo {
                id: "",
                path: "secret/multiple/lotsakeys",
            },
        ),
        provider: Some(
            ProviderInfo {
                kind: PROVIDER_KIND,
                name: PROVIDER_NAME,
            },
        ),
        meta: Some(
            MetaInfo {
                sensitivity: None,
                redact_with: None,
                source: None,
                sink: None,
            },
        ),
    },
    KV {
        value: "bar",
        key: "foo_68",
        from_key: "foo_68",
        path: Some(
            PathInfo {
                id: "",
                path: "secret/multiple/lotsakeys",
            },
        ),
        provider: Some(
            ProviderInfo {
                kind: PROVIDER_KIND,
                name: PROVIDER_NAME,
            },
        ),
        meta: Some(
            MetaInfo {
                sensitivity: None,
                redact_with: None,
                source: None,
                sink: None,
            },
        ),
    },
    KV {
        value: "bar",
        key: "foo_69",
        from_key: "foo_69",
        path: Some(
            PathInfo {
                id: "",
                path: "secret/multiple/lotsakeys",
            },
        ),
        provider: Some(
            ProviderInfo {
                kind: PROVIDER_KIND,
                name: PROVIDER_NAME,
            },
        ),
        meta: Some(
            MetaInfo {
                sensitivity: None,
                redact_with: None,
                source: None,
                sink: None,
            },
        ),
    },
    KV {
        value: "bar",
        key: "foo_7",
        from_key: "foo_7",
        path: Some(
            PathInfo {
                id: "",
                path: "secret/multiple/lotsakeys",
            },
        ),
        provider: Some(
            ProviderInfo {
                kind: PROVIDER_KIND,
                name: PROVIDER_NAME,
            },
        ),
        meta: Some(
            MetaInfo {
                sensitivity: None,
                redact_with: None,
                source: None,
                sink: None,
            },
        ),
    },
    KV {
        value: "bar",
        key: "foo_70",
        from_key: "foo_70",
        path: Some(
            PathInfo {
                id: "",
                path: "secret/multiple/lotsakeys",
            },
        ),
        provider: Some(
            ProviderInfo {
                kind: PROVIDER_KIND,
                name: PROVIDER_NAME,
            },
        ),
        meta: Some(
            MetaInfo {
                sensitivity: None,
                redact_with: None,
                source: None,
                sink: None,
            },
        ),
    },
    KV {
        value: "bar",
        key: "foo_71",
        from_key: "foo_71",
        path: Some(
            PathInfo {
                id: "",
                path: "secret/multiple/lotsakeys",
            },
        ),
        provider: Some(
            ProviderInfo {
                kind: PROVIDER_KIND,
                name: PROVIDER_NAME,
            },
        ),
        meta: Some(
            MetaInfo {
                sensitivity: None,
                redact_with: None,
                source: None,
                sink: None,
            },
        ),
    },
    KV {
        value: "bar",
        key: "foo_72",
        from_key: "foo_72",
        path: Some(
            PathInfo {
                id: "",
                path: "secret/multiple/lotsakeys",
            },
        ),
        provider: Some(
            ProviderInfo {
                kind: PROVIDER_KIND,
                name: PROVIDER_NAME,
            },
        ),
        meta: Some(
            MetaInfo {
                sensitivity: None,
                redact_with: None,
                source: None,
                sink: None,
            },
        ),
    },
    KV {
        value: "bar",
        key: "foo_73",
        from_key: "foo_73",
        path: Some(
            PathInfo {
                id: "",
                path: "secret/multiple/lotsakeys",
            },
        ),
        provider: Some(
            ProviderInfo {
                kind: PROVIDER_KIND,
                name: PROVIDER_NAME,
            },
        ),
        meta: Some(
            MetaInfo {
                sensitivity: None,
                redact_with: None,
                source: None,
                sink: None,
            },
        ),
    },
    KV {
        value: "bar",
        key: "foo_74",
        from_key: "foo_74",
        path: Some(
            PathInfo {
                id: "",
                path: "secret/multiple/lotsakeys",
            },
        ),
        provider: Some(
            ProviderInfo {
                kind: PROVIDER_KIND,
                name: PROVIDER_NAME,
            },
        ),
        meta: Some(
            MetaInfo {
                sensitivity: None,
                redact_with: None,
                source: None,
                sink: None,
            },
        ),
    },
    KV {
        value: "bar",
        key: "foo_75",
        from_key: "foo_75",
        path: Some(
            PathInfo {
                id: "",
                path: "secret/multiple/lotsakeys",
            },
        ),
        provider: Some(
            ProviderInfo {
                kind: PROVIDER_KIND,
                name: PROVIDER_NAME,
            },
        ),
        meta: Some(
            MetaInfo {
                sensitivity: None,
                redact_with: None,
                source: None,
                sink: None,
            },
        ),
    },
    KV {
        value: "bar",
        key: "foo_76",
        from_key: "foo_76",
        path: Some(
            PathInfo {
                id: "",
                path: "secret/multiple/lotsakeys",
            },
        ),
        provider: Some(
            ProviderInfo {
                kind: PROVIDER_KIND,
                name: PROVIDER_NAME,
            },
        ),
        meta: Some(
            MetaInfo {
                sensitivity: None,
                redact_with: None,
                source: None,
                sink: None,
            },
        ),
    },
    KV {
        value: "bar",
        key: "foo_77",
        from_key: "foo_77",
        path: Some(
            PathInfo {
                id: "",
                path: "secret/multiple/lotsakeys",
            },
        ),
        provider: Some(
            ProviderInfo {
                kind: PROVIDER_KIND,
                name: PROVIDER_NAME,
            },
        ),
        meta: Some(
            MetaInfo {
                sensitivity: None,
                redact_with: None,
                source: None,
                sink: None,
            },
        ),
    },
    KV {
        value: "bar",
        key: "foo_78",
        from_key: "foo_78",
        path: Some(
            PathInfo {
                id: "",
                path: "secret/multiple/lotsakeys",
            },
        ),
        provider: Some(
            ProviderInfo {
                kind: PROVIDER_KIND,
                name: PROVIDER_NAME,
            },
        ),
        meta: Some(
            MetaInfo {
                sensitivity: None,
                redact_with: None,
                source: None,
                sink: None,
            },
        ),
    },
    KV {
        value: "bar",
        key: "foo_79",
        from_key: "foo_79",
        path: Some(
            PathInfo {
                id: "",
                path: "secret/multiple/lotsakeys",
            },
        ),
        provider: Some(
            ProviderInfo {
                kind: PROVIDER_KIND,
                name: PROVIDER_NAME,
            },
        ),
        meta: Some(
            MetaInfo {
                sensitivity: None,
                redact_with: None,
                source: None,
                sink: None,
            },
        ),
    },
    KV {
        value: "bar",
        key: "foo_8",
        from_key: "foo_8",
        path: Some(
            PathInfo {
                id: "",
                path: "secret/multiple/lotsakeys",
            },
        ),
        provider: Some(
            ProviderInfo {
                kind: PROVIDER_KIND,
                name: PROVIDER_NAME,
            },
        ),
        meta: Some(
            MetaInfo {
                sensitivity: None,
                redact_with: None,
                source: None,
                sink: None,
            },
        ),
    },
    KV {
        value: "bar",
        key: "foo_80",
        from_key: "foo_80",
        path: Some(
            PathInfo {
                id: "",
                path: "secret/multiple/lotsakeys",
            },
        ),
        provider: Some(
            ProviderInfo {
                kind: PROVIDER_KIND,
                name: PROVIDER_NAME,
            },
        ),
        meta: Some(
            MetaInfo {
                sensitivity: None,
                redact_with: None,
                source: None,
                sink: None,
            },
        ),
    },
    KV {
        value: "bar",
        key: "foo_81",
        from_key: "foo_81",
        path: Some(
            PathInfo {
                id: "",
                path: "secret/multiple/lotsakeys",
            },
        ),
        provider: Some(
            ProviderInfo {
                kind: PROVIDER_KIND,
                name: PROVIDER_NAME,
            },
        ),
        meta: Some(
            MetaInfo {
                sensitivity: None,
                redact_with: None,
                source: None,
                sink: None,
            },
        ),
    },
    KV {
        value: "bar",
        key: "foo_82",
        from_key: "foo_82",
        path: Some(
            PathInfo {
                id: "",
                path: "secret/multiple/lotsakeys",
            },
        ),
        provider: Some(
            ProviderInfo {
                kind: PROVIDER_KIND,
                name: PROVIDER_NAME,
            },
        ),
        meta: Some(
            MetaInfo {
                sensitivity: None,
                redact_with: None,
                source: None,
                sink: None,
            },
        ),
    },
    KV {
        value: "bar",
        key: "foo_83",
        from_key: "foo_83",
        path: Some(
            PathInfo {
                id: "",
                path: "secret/multiple/lotsakeys",
            },
        ),
        provider: Some(
            ProviderInfo {
                kind: PROVIDER_KIND,
                name: PROVIDER_NAME,
            },
        ),
        meta: Some(
            MetaInfo {
                sensitivity: None,
                redact_with: None,
                source: None,
                sink: None,
            },
        ),
    },
    KV {
        value: "bar",
        key: "foo_84",
        from_key: "foo_84",
        path: Some(
            PathInfo {
                id: "",
                path: "secret/multiple/lotsakeys",
            },
        ),
        provider: Some(
            ProviderInfo {
                kind: PROVIDER_KIND,
                name: PROVIDER_NAME,
            },
        ),
        meta: Some(
            MetaInfo {
                sensitivity: None,
                redact_with: None,
                source: None,
                sink: None,
            },
        ),
    },
    KV {
        value: "bar",
        key: "foo_85",
        from_key: "foo_85",
        path: Some(
            PathInfo {
                id: "",
                path: "secret/multiple/lotsakeys",
            },
        ),
        provider: Some(
            ProviderInfo {
                kind: PROVIDER_KIND,
                name: PROVIDER_NAME,
            },
        ),
        meta: Some(
            MetaInfo {
                sensitivity: None,
                redact_with: None,
                source: None,
                sink: None,
            },
        ),
    },
    KV {
        value: "bar",
        key: "foo_86",
        from_key: "foo_86",
        path: Some(
            PathInfo {
                id: "",
                path: "secret/multiple/lotsakeys",
            },
        ),
        provider: Some(
            ProviderInfo {
                kind: PROVIDER_KIND,
                name: PROVIDER_NAME,
            },
        ),
        meta: Some(
            MetaInfo {
                sensitivity: None,
                redact_with: None,
                source: None,
                sink: None,
            },
        ),
    },
    KV {
        value: "bar",
        key: "foo_87",
        from_key: "foo_87",
        path: Some(
            PathInfo {
                id: "",
                path: "secret/multiple/lotsakeys",
            },
        ),
        provider: Some(
            ProviderInfo {
                kind: PROVIDER_KIND,
                name: PROVIDER_NAME,
            },
        ),
        meta: Some(
            MetaInfo {
                sensitivity: None,
                redact_with: None,
                source: None,
                sink: None,
            },
        ),
    },
    KV {
        value: "bar",
        key: "foo_88",
        from_key: "foo_88",
        path: Some(
            PathInfo {
                id: "",
                path: "secret/multiple/lotsakeys",
            },
        ),
        provider: Some(
            ProviderInfo {
                kind: PROVIDER_KIND,
                name: PROVIDER_NAME,
            },
        ),
        meta: Some(
            MetaInfo {
                sensitivity: None,
                redact_with: None,
                source: None,
                sink: None,
            },
        ),
    },
    KV {
        value: "bar",
        key: "foo_89",
        from_key: "foo_89",
        path: Some(
            PathInfo {
                id: "",
                path: "secret/multiple/lotsakeys",
            },
        ),
        provider: Some(
            ProviderInfo {
                kind: PROVIDER_KIND,
                name: PROVIDER_NAME,
            },
        ),
        meta: Some(
            MetaInfo {
                sensitivity: None,
                redact_with: None,
                source: None,
                sink: None,
            },
        ),
    },
    KV {
        value: "bar",
        key: "foo_9",
        from_key: "foo_9",
        path: Some(
            PathInfo {
                id: "",
                path: "secret/multiple/lotsakeys",
            },
        ),
        provider: Some(
            ProviderInfo {
                kind: PROVIDER_KIND,
                name: PROVIDER_NAME,
            },
        ),
        meta: Some(
            MetaInfo {
                sensitivity: None,
                redact_with: None,
                source: None,
                sink: None,
            },
        ),
    },
    KV {
        value: "bar",
        key: "foo_90",
        from_key: "foo_90",
        path: Some(
            PathInfo {
                id: "",
                path: "secret/multiple/lotsakeys",
            },
        ),
        provider: Some(
            ProviderInfo {
                kind: PROVIDER_KIND,
                name: PROVIDER_NAME,
            },
        ),
        meta: Some(
            MetaInfo {
                sensitivity: None,
                redact_with: None,
                source: None,
                sink: None,
            },
        ),
    },
    KV {
        value: "bar",
        key: "foo_91",
        from_key: "foo_91",
        path: Some(
            PathInfo {
                id: "",
                path: "secret/multiple/lotsakeys",
            },
        ),
        provider: Some(
            ProviderInfo {
                kind: PROVIDER_KIND,
                name: PROVIDER_NAME,
            },
        ),
        meta: Some(
            MetaInfo {
                sensitivity: None,
                redact_with: None,
                source: None,
                sink: None,
            },
        ),
    },
    KV {
        value: "bar",
        key: "foo_92",
        from_key: "foo_92",
        path: Some(
            PathInfo {
                id: "",
                path: "secret/multiple/lotsakeys",
            },
        ),
        provider: Some(
            ProviderInfo {
                kind: PROVIDER_KIND,
                name: PROVIDER_NAME,
            },
        ),
        meta: Some(
            MetaInfo {
                sensitivity: None,
                redact_with: None,
                source: None,
                sink: None,
            },
        ),
    },
    KV {
        value: "bar",
        key: "foo_93",
        from_key: "foo_93",
        path: Some(
            PathInfo {
                id: "",
                path: "secret/multiple/lotsakeys",
            },
        ),
        provider: Some(
            ProviderInfo {
                kind: PROVIDER_KIND,
                name: PROVIDER_NAME,
            },
        ),
        meta: Some(
            MetaInfo {
                sensitivity: None,
                redact_with: None,
                source: None,
                sink: None,
            },
        ),
    },
    KV {
        value: "bar",
        key: "foo_94",
        from_key: "foo_94",
        path: Some(
            PathInfo {
                id: "",
                path: "secret/multiple/lotsakeys",
            },
        ),
        provider: Some(
            ProviderInfo {
                kind: PROVIDER_KIND,
                name: PROVIDER_NAME,
            },
        ),
        meta: Some(
            MetaInfo {
                sensitivity: None,
                redact_with: None,
                source: None,
                sink: None,
            },
        ),
    },
    KV {
        value: "bar",
        key: "foo_95",
        from_key: "foo_95",
        path: Some(
            PathInfo {
                id: "",
                path: "secret/multiple/lotsakeys",
            },
        ),
        provider: Some(
            ProviderInfo {
                kind: PROVIDER_KIND,
                name: PROVIDER_NAME,
            },
        ),
        meta: Some(
            MetaInfo {
                sensitivity: None,
                redact_with: None,
                source: None,
                sink: None,
            },
        ),
    },
    KV {
        value: "bar",
        key: "foo_96",
        from_key: "foo_96",
        path: Some(
            PathInfo {
                id: "",
                path: "secret/multiple/lotsakeys",
            },
        ),
        provider: Some(
            ProviderInfo {
                kind: PROVIDER_KIND,
                name: PROVIDER_NAME,
            },
        ),
        meta: Some(
            MetaInfo {
                sensitivity: None,
                redact_with: None,
                source: None,
                sink: None,
            },
        ),
    },
    KV {
        value: "bar",
        key: "foo_97",
        from_key: "foo_97",
        path: Some(
            PathInfo {
                id: "",
                path: "secret/multiple/lotsakeys",
            },
        ),
        provider: Some(
            ProviderInfo {
                kind: PROVIDER_KIND,
                name: PROVIDER_NAME,
            },
        ),
        meta: Some(
            MetaInfo {
                sensitivity: None,
                redact_with: None,
                source: None,
                sink: None,
            },
        ),
    },
    KV {
        value: "bar",
        key: "foo_98",
        from_key: "foo_98",
        path: Some(
            PathInfo {
                id: "",
                path: "secret/multiple/lotsakeys",
            },
        ),
        provider: Some(
            ProviderInfo {
                kind: PROVIDER_KIND,
                name: PROVIDER_NAME,
            },
        ),
        meta: Some(
            MetaInfo {
                sensitivity: None,
                redact_with: None,
                source: None,
                sink: None,
            },
        ),
    },
    KV {
        value: "bar",
        key: "foo_99",
        from_key: "foo_99",
        path: Some(
            PathInfo {
                id: "",
                path: "secret/multiple/lotsakeys",
            },
        ),
        provider: Some(
            ProviderInfo {
                kind: PROVIDER_KIND,
                name: PROVIDER_NAME,
            },
        ),
        meta: Some(
            MetaInfo {
                sensitivity: None,
                redact_with: None,
                source: None,
                sink: None,
            },
        ),
    },
]
