---
source: teller-core/src/scan.rs
expression: res
---
Ok(
    [
        Match {
            path: "fixtures/git-ignored-file",
            position: Some(
                (
                    1,
                    1,
                ),
            ),
            offset: 0,
            query: KV {
                value: "trooper123",
                key: "key1",
                from_key: "key1",
                path: Some(
                    PathInfo {
                        id: "/some/path",
                        path: "/some/path",
                    },
                ),
                provider: Some(
                    ProviderInfo {
                        kind: Inmem,
                        name: "test",
                    },
                ),
                meta: None,
            },
        },
        Match {
            path: "fixtures/config.yml",
            position: Some(
                (
                    3,
                    11,
                ),
            ),
            offset: 32,
            query: KV {
                value: "hashicorp",
                key: "key1",
                from_key: "key1",
                path: Some(
                    PathInfo {
                        id: "/some/path",
                        path: "/some/path",
                    },
                ),
                provider: Some(
                    ProviderInfo {
                        kind: Inmem,
                        name: "test",
                    },
                ),
                meta: None,
            },
        },
    ],
)
